[
    [
        {
            "foo": {
                "bar": [
                    "baz",
                    "quux"
                ],
                "blerg": "blerg"
            }
        },
        {
            "foo": {
                "bar": [
                    "baz"
                ],
                "blerg": "blerg"
            }
        }
    ]
]
